[debug] [2026-08-28T17:57:45.952Z] [Firebase Plugin] Activating Firebase extension.
[debug] [2026-08-28T17:58:00.869Z] [Firebase Plugin] requireAuthWrapper
[debug] [2026-08-28T17:58:00.881Z] > command requires scopes: ["email","openid","https://www.googleapis.com/auth/cloudplatformprojects.readonly","https://www.googleapis.com/auth/firebase","https://www.googleapis.com/auth/cloud-platform"]
[debug] [2026-08-28T17:58:00.881Z] > authorizing via signed-in user (alexandroskremidas@gmail.com)
[debug] [2026-08-28T17:58:00.884Z] Checked if tokens are valid: false, expires at: 1787924305435
[debug] [2026-08-28T17:58:00.884Z] Checked if tokens are valid: false, expires at: 1787924305435
[debug] [2026-08-28T17:58:00.884Z] > refreshing access token with scopes: []
[debug] [2026-08-28T17:58:00.886Z] >>> [apiv2][query] POST https://www.googleapis.com/oauth2/v3/token [none]
[debug] [2026-08-28T17:58:00.886Z] >>> [apiv2][body] POST https://www.googleapis.com/oauth2/v3/token [omitted]
[debug] [2026-08-28T17:58:00.895Z] [Firebase Plugin] VSCode notification server listening on port 40001
[info] [Firebase Plugin] Starting SQL Connect toolkit (version 3.4.16) on port 50001
[info] i  dataconnect: downloading dataconnect-emulator-3.4.16.exe... {"metadata":{"emulator":{"name":"dataconnect"},"message":"downloading dataconnect-emulator-3.4.16.exe..."}}
[debug] [2026-08-28T17:58:01.242Z] >>> [apiv2][query] GET https://storage.googleapis.com/firemat-preview-drop/emulator/dataconnect-emulator-windows-amd64-v3.4.16 
[debug] [2026-08-28T17:58:01.276Z] <<< [apiv2][status] POST https://www.googleapis.com/oauth2/v3/token 200
[debug] [2026-08-28T17:58:01.276Z] <<< [apiv2][body] POST https://www.googleapis.com/oauth2/v3/token [omitted]
[debug] [2026-08-28T17:58:01.306Z] [Firebase Plugin] User found:  alexandroskremidas@gmail.com
[info] [Firebase Plugin] (Core:Project) New user detected, fetching projects
[debug] [2026-08-28T17:58:01.307Z] Checked if tokens are valid: true, expires at: 1787943480276
[debug] [2026-08-28T17:58:01.308Z] >>> [apiv2][query] GET https://firebase.googleapis.com/v1beta1/projects pageSize=1000
[debug] [2026-08-28T17:58:01.605Z] <<< [apiv2][status] GET https://storage.googleapis.com/firemat-preview-drop/emulator/dataconnect-emulator-windows-amd64-v3.4.16 200
[debug] [2026-08-28T17:58:01.605Z] <<< [apiv2][body] GET https://storage.googleapis.com/firemat-preview-drop/emulator/dataconnect-emulator-windows-amd64-v3.4.16 [stream]
[debug] [2026-08-28T17:58:01.831Z] <<< [apiv2][status] GET https://firebase.googleapis.com/v1beta1/projects 200
[debug] [2026-08-28T17:58:01.831Z] <<< [apiv2][body] GET https://firebase.googleapis.com/v1beta1/projects [omitted]
[info] i  dataconnect: Removing outdated emulator files: dataconnect-emulator-3.4.18.exe {"metadata":{"emulator":{"name":"dataconnect"},"message":"Removing outdated emulator files: dataconnect-emulator-3.4.18.exe"}}
[debug] [2026-08-28T17:58:03.872Z] I0828 19:58:03.796865   15436 control.go:100] [projects/emulator/locations/emulator/services/kliq-app-d215a-service cbf6] UpdateResources(): done
Main schema: sources: schema\schema.gql [8327B] 
Connector "kliq-connector": sources: connector\mutations.gql [13100B] connector\queries.gql [6676B] 
 {"metadata":{"emulator":{"name":"dataconnect"},"message":"I0828 19:58:03.796865   15436 control.go:100] [projects/emulator/locations/emulator/services/kliq-app-d215a-service cbf6] UpdateResources(): done\nMain schema: sources: schema\\schema.gql [8327B] \nConnector \"kliq-connector\": sources: connector\\mutations.gql [13100B] connector\\queries.gql [6676B] \n"}}
[debug] [2026-08-28T17:58:03.873Z] Ignoring unsupported arg: auto_download {"metadata":{"emulator":{"name":"dataconnect"},"message":"Ignoring unsupported arg: auto_download"}}
[debug] [2026-08-28T17:58:03.873Z] Ignoring unsupported arg: port {"metadata":{"emulator":{"name":"dataconnect"},"message":"Ignoring unsupported arg: port"}}
[debug] [2026-08-28T17:58:03.873Z] Starting SQL Connect Emulator with command {"binary":"C:\\Users\\Alexa\\.cache\\firebase\\emulators\\dataconnect-emulator-3.4.16.exe","args":["--logtostderr","-v=2","dev","--listen=localhost:50001","--config_dir=c:\\Users\\Alexa\\Desktop\\AppDevProjekt_KLIQ\\dataconnect","--enable_output_schema_extensions=true","--enable_output_generated_sdk=true"],"optionalArgs":["listen","config_dir","enable_output_schema_extensions","enable_output_generated_sdk"],"joinArgs":true,"shell":false,"port":9399} {"metadata":{"emulator":{"name":"dataconnect"},"message":"Starting SQL Connect Emulator with command {\"binary\":\"C:\\\\Users\\\\Alexa\\\\.cache\\\\firebase\\\\emulators\\\\dataconnect-emulator-3.4.16.exe\",\"args\":[\"--logtostderr\",\"-v=2\",\"dev\",\"--listen=localhost:50001\",\"--config_dir=c:\\\\Users\\\\Alexa\\\\Desktop\\\\AppDevProjekt_KLIQ\\\\dataconnect\",\"--enable_output_schema_extensions=true\",\"--enable_output_generated_sdk=true\"],\"optionalArgs\":[\"listen\",\"config_dir\",\"enable_output_schema_extensions\",\"enable_output_generated_sdk\"],\"joinArgs\":true,\"shell\":false,\"port\":9399}"}}
[info] i  dataconnect: SQL Connect Emulator logging to dataconnect-debug.log {"metadata":{"emulator":{"name":"dataconnect"},"message":"SQL Connect Emulator logging to \u001b[1mdataconnect-debug.log\u001b[22m"}}
[debug] [2026-08-28T17:58:03.939Z] I0828 19:58:03.901903   16580 load.go:31] Reloading schema and connectors...
 {"metadata":{"emulator":{"name":"dataconnect"},"message":"I0828 19:58:03.901903   16580 load.go:31] Reloading schema and connectors...\n"}}
[debug] [2026-08-28T17:58:03.985Z] I0828 19:58:03.984621   16580 control.go:100] [projects/emulator/locations/emulator/services/kliq-app-d215a-service 859b] UpdateResources(): done
Main schema: sources: schema\schema.gql [8327B] 
Connector "kliq-connector": sources: connector\mutations.gql [13100B] connector\queries.gql [6676B] 
 {"metadata":{"emulator":{"name":"dataconnect"},"message":"I0828 19:58:03.984621   16580 control.go:100] [projects/emulator/locations/emulator/services/kliq-app-d215a-service 859b] UpdateResources(): done\nMain schema: sources: schema\\schema.gql [8327B] \nConnector \"kliq-connector\": sources: connector\\mutations.gql [13100B] connector\\queries.gql [6676B] \n"}}
[debug] [2026-08-28T17:58:04.047Z] I0828 19:58:04.047051   16580 codegen.go:101] [connector "kliq-connector" kotlinSdk] Generating sources into "c:\\Users\\Alexa\\Desktop\\AppDevProjekt_KLIQ\\app\\src\\main\\java\\com\\kliq\\app\\data\\generated"
 {"metadata":{"emulator":{"name":"dataconnect"},"message":"I0828 19:58:04.047051   16580 codegen.go:101] [connector \"kliq-connector\" kotlinSdk] Generating sources into \"c:\\\\Users\\\\Alexa\\\\Desktop\\\\AppDevProjekt_KLIQ\\\\app\\\\src\\\\main\\\\java\\\\com\\\\kliq\\\\app\\\\data\\\\generated\"\n"}}
[debug] [2026-08-28T17:58:04.071Z] I0828 19:58:04.070822   16580 collector.go:107] schema extensions wrote into "c:\\Users\\Alexa\\Desktop\\AppDevProjekt_KLIQ\\dataconnect\\.dataconnect\\schema"
Generated sources: prelude.gql [84995B] main\input.gql [275508B] main\relation.gql [147915B] main\query.gql [24353B] main\mutation.gql [64891B] main\implicit.gql [768B] 
 {"metadata":{"emulator":{"name":"dataconnect"},"message":"I0828 19:58:04.070822   16580 collector.go:107] schema extensions wrote into \"c:\\\\Users\\\\Alexa\\\\Desktop\\\\AppDevProjekt_KLIQ\\\\dataconnect\\\\.dataconnect\\\\schema\"\nGenerated sources: prelude.gql [84995B] main\\input.gql [275508B] main\\relation.gql [147915B] main\\query.gql [24353B] main\\mutation.gql [64891B] main\\implicit.gql [768B] \n"}}
[debug] [2026-08-28T17:58:04.097Z] I0828 19:58:04.097437   16580 collector.go:107] connector "kliq-connector" kotlinSdk wrote into "c:\\Users\\Alexa\\Desktop\\AppDevProjekt_KLIQ\\app\\src\\main\\java\\com\\kliq\\app\\data\\generated"
Generated sources: LogVisitMutation.kt [2162B] UpdateDirectMessageStatusMutation.kt [4371B] KliqConnectorConnectorEnums.kt [267B] GetOffersByClubQuery.kt [2537B] GetReviewsByClubQuery.kt [2512B] GetFeedCommentsQuery.kt [2437B] GetMessagesByChatQuery.kt [2800B] UpdateClubLiveStatsMutation.kt [2308B] GetReviewsByUserQuery.kt [2394B] GetClubsByRegionQuery.kt [2505B] CheckUsernameQuery.kt [2293B] GetActiveStoriesQuery.kt [2075B] GetClubByIdQuery.kt [2934B] GetClubsByCityQuery.kt [2461B] UpdateFeedPostMutation.kt [4848B] CreateClubOfferMutation.kt [5989B] DeleteStoryMutation.kt [1603B] GetBlockedUsersQuery.kt [2396B] GetUserPreferencesQuery.kt [2553B] BlockUserMutation.kt [4190B] CreateEventMutation.kt [6191B] GetFriendsByUserQuery.kt [2426B] UnlikeFeedPostMutation.kt [1763B] ArchiveChatMutation.kt [1717B] GetUserPhotosQuery.kt [2514B] TrackUserLocationMutation.kt [4856B] UnblockUserMutation.kt [1777B] UpsertUserPreferenceMutation.kt [2597B] GetEventsByClubQuery.kt [2559B] GetVisitedLogsByUserQuery.kt [2483B] VoteReviewHelpfulMutation.kt [1824B] CreateUserMutation.kt [8915B] DeleteFeedPostMutation.kt [1642B] GetUserByIdQuery.kt [2686B] UpdateChatLastMessageMutation.kt [4356B] UpsertClubMutation.kt [8726B] CancelEventMutation.kt [1603B] CreateChatMutation.kt [6031B] GetFeedPostsQuery.kt [2209B] GetReviewsForTargetUserQuery.kt [2589B] RemoveFriendMutation.kt [1771B] UpdateFriendStatusMutation.kt [1922B] UpdateUserProfileMutation.kt [8789B] AddUserPhotoMutation.kt [3922B] CreateFeedPostMutation.kt [7847B] SendDirectMessageMutation.kt [6536B] ToggleChatMuteMutation.kt [1729B] README.md [9381B] AddFriendMutation.kt [4211B] CreateReviewMutation.kt [7015B] DeleteUserPhotoMutation.kt [1655B] UpdateMessageStatusMutation.kt [4161B] KliqConnectorConnector.kt [46259B] CreateStoryMutation.kt [5985B] GetDirectMessagesQuery.kt [2770B] ToggleClubFavoriteMutation.kt [1794B] DeleteFeedCommentMutation.kt [1681B] GetAllChatsQuery.kt [2233B] ListUsersQuery.kt [1979B] ToggleChatPinMutation.kt [1725B] GetAllClubsQuery.kt [2265B] LikeFeedPostMutation.kt [1854B] SendMessageMutation.kt [8506B] KliqConnectorConnectorKeys.kt [2507B] CreateFeedCommentMutation.kt [2190B] GetFeedPostLikesQuery.kt [2368B] 
I0828 19:58:04.097976   16580 load.go:109] Finished reloading
 {"metadata":{"emulator":{"name":"dataconnect"},"message":"I0828 19:58:04.097437   16580 collector.go:107] connector \"kliq-connector\" kotlinSdk wrote into \"c:\\\\Users\\\\Alexa\\\\Desktop\\\\AppDevProjekt_KLIQ\\\\app\\\\src\\\\main\\\\java\\\\com\\\\kliq\\\\app\\\\data\\\\generated\"\nGenerated sources: LogVisitMutation.kt [2162B] UpdateDirectMessageStatusMutation.kt [4371B] KliqConnectorConnectorEnums.kt [267B] GetOffersByClubQuery.kt [2537B] GetReviewsByClubQuery.kt [2512B] GetFeedCommentsQuery.kt [2437B] GetMessagesByChatQuery.kt [2800B] UpdateClubLiveStatsMutation.kt [2308B] GetReviewsByUserQuery.kt [2394B] GetClubsByRegionQuery.kt [2505B] CheckUsernameQuery.kt [2293B] GetActiveStoriesQuery.kt [2075B] GetClubByIdQuery.kt [2934B] GetClubsByCityQuery.kt [2461B] UpdateFeedPostMutation.kt [4848B] CreateClubOfferMutation.kt [5989B] DeleteStoryMutation.kt [1603B] GetBlockedUsersQuery.kt [2396B] GetUserPreferencesQuery.kt [2553B] BlockUserMutation.kt [4190B] CreateEventMutation.kt [6191B] GetFriendsByUserQuery.kt [2426B] UnlikeFeedPostMutation.kt [1763B] ArchiveChatMutation.kt [1717B] GetUserPhotosQuery.kt [2514B] TrackUserLocationMutation.kt [4856B] UnblockUserMutation.kt [1777B] UpsertUserPreferenceMutation.kt [2597B] GetEventsByClubQuery.kt [2559B] GetVisitedLogsByUserQuery.kt [2483B] VoteReviewHelpfulMutation.kt [1824B] CreateUserMutation.kt [8915B] DeleteFeedPostMutation.kt [1642B] GetUserByIdQuery.kt [2686B] UpdateChatLastMessageMutation.kt [4356B] UpsertClubMutation.kt [8726B] CancelEventMutation.kt [1603B] CreateChatMutation.kt [6031B] GetFeedPostsQuery.kt [2209B] GetReviewsForTargetUserQuery.kt [2589B] RemoveFriendMutation.kt [1771B] UpdateFriendStatusMutation.kt [1922B] UpdateUserProfileMutation.kt [8789B] AddUserPhotoMutation.kt [3922B] CreateFeedPostMutation.kt [7847B] SendDirectMessageMutation.kt [6536B] ToggleChatMuteMutation.kt [1729B] README.md [9381B] AddFriendMutation.kt [4211B] CreateReviewMutation.kt [7015B] DeleteUserPhotoMutation.kt [1655B] UpdateMessageStatusMutation.kt [4161B] KliqConnectorConnector.kt [46259B] CreateStoryMutation.kt [5985B] GetDirectMessagesQuery.kt [2770B] ToggleClubFavoriteMutation.kt [1794B] DeleteFeedCommentMutation.kt [1681B] GetAllChatsQuery.kt [2233B] ListUsersQuery.kt [1979B] ToggleChatPinMutation.kt [1725B] GetAllClubsQuery.kt [2265B] LikeFeedPostMutation.kt [1854B] SendMessageMutation.kt [8506B] KliqConnectorConnectorKeys.kt [2507B] CreateFeedCommentMutation.kt [2190B] GetFeedPostLikesQuery.kt [2368B] \nI0828 19:58:04.097976   16580 load.go:109] Finished reloading\n"}}
[debug] [2026-08-28T17:58:04.104Z] I0828 19:58:04.104200   16580 dev.go:101] Listening on address (HTTP + gRPC): 127.0.0.1:50001
 {"metadata":{"emulator":{"name":"dataconnect"},"message":"I0828 19:58:04.104200   16580 dev.go:101] Listening on address (HTTP + gRPC): 127.0.0.1:50001\n"}}
[debug] [2026-08-28T17:58:04.348Z] I0828 19:58:04.347944   16580 engine.go:209] [projects/emulator/locations/emulator/services/kliq-app-d215a-service 859b] ExecuteGraphqlRead query IntrospectionQuery: succeeded. 
 {"metadata":{"emulator":{"name":"dataconnect"},"message":"I0828 19:58:04.347944   16580 engine.go:209] [projects/emulator/locations/emulator/services/kliq-app-d215a-service 859b] ExecuteGraphqlRead query IntrospectionQuery: succeeded. \n"}}
[debug] [2026-08-28T17:58:55.041Z] [Firebase Plugin] Value of process.env.MONOSPACE_ENV: undefined
[debug] [2026-08-28T17:58:55.041Z] [Firebase Plugin] requireAuthWrapper
[debug] [2026-08-28T17:58:55.042Z] > command requires scopes: ["email","openid","https://www.googleapis.com/auth/cloudplatformprojects.readonly","https://www.googleapis.com/auth/firebase","https://www.googleapis.com/auth/cloud-platform"]
[debug] [2026-08-28T17:58:55.042Z] > authorizing via signed-in user (alexandroskremidas@gmail.com)
[debug] [2026-08-28T17:58:55.043Z] Checked if tokens are valid: true, expires at: 1787943480276
[debug] [2026-08-28T17:58:55.043Z] [Firebase Plugin] User found:  alexandroskremidas@gmail.com
[info] [Firebase Plugin] (Core:Project) New user detected, fetching projects
[debug] [2026-08-28T17:58:55.044Z] Checked if tokens are valid: true, expires at: 1787943480276
[debug] [2026-08-28T17:58:55.044Z] >>> [apiv2][query] GET https://firebase.googleapis.com/v1beta1/projects pageSize=1000
[debug] [2026-08-28T17:58:55.055Z] [Firebase Plugin] Value of process.env.MONOSPACE_ENV: undefined
[debug] [2026-08-28T17:58:55.055Z] [Firebase Plugin] requireAuthWrapper
[debug] [2026-08-28T17:58:55.056Z] > command requires scopes: ["email","openid","https://www.googleapis.com/auth/cloudplatformprojects.readonly","https://www.googleapis.com/auth/firebase","https://www.googleapis.com/auth/cloud-platform"]
[debug] [2026-08-28T17:58:55.056Z] > authorizing via signed-in user (alexandroskremidas@gmail.com)
[debug] [2026-08-28T17:58:55.057Z] Checked if tokens are valid: true, expires at: 1787943480276
[debug] [2026-08-28T17:58:55.057Z] [Firebase Plugin] User found:  alexandroskremidas@gmail.com
[info] [Firebase Plugin] (Core:Project) New user detected, fetching projects
[debug] [2026-08-28T17:58:55.058Z] Checked if tokens are valid: true, expires at: 1787943480276
[debug] [2026-08-28T17:58:55.058Z] >>> [apiv2][query] GET https://firebase.googleapis.com/v1beta1/projects pageSize=1000
[debug] [2026-08-28T17:58:55.551Z] <<< [apiv2][status] GET https://firebase.googleapis.com/v1beta1/projects 200
[debug] [2026-08-28T17:58:55.551Z] <<< [apiv2][body] GET https://firebase.googleapis.com/v1beta1/projects [omitted]
[debug] [2026-08-28T17:58:55.554Z] <<< [apiv2][status] GET https://firebase.googleapis.com/v1beta1/projects 200
[debug] [2026-08-28T17:58:55.554Z] <<< [apiv2][body] GET https://firebase.googleapis.com/v1beta1/projects [omitted]
[warn] !  dataconnect: Fatal error occurred: 
   SQL Connect Emulator has exited with code: 1, 
   stopping all running emulators {"metadata":{"emulator":{"name":"dataconnect"},"message":"Fatal error occurred: \n   SQL Connect Emulator has exited with code: 1, \n   stopping all running emulators"}}
